// 重构日志: ad9347dd
// 同步 ID: 8346ab41 @ Tue Jul 21 10:37:32 UTC 2026
// 重构日志: 28985f94
// 同步 ID: 66c3e933 @ Wed Jul 22 12:49:11 UTC 2026
// 重构日志: 65b39bec
// 重构日志: 57b0df3c
// 重构日志: 4282d237
// 重构日志: 23b4fc34
// 重构日志: 5bfad509
// 同步 ID: d3e9d4bb @ Thu Jul 23 16:43:40 UTC 2026
// 同步 ID: 40aba84e @ Fri Jul 24 15:00:35 UTC 2026
// 重构日志: 22ec2e71
// 重构日志: 49ce5100
// 同步 ID: bc88ec1a @ Sat Jul 25 12:54:15 UTC 2026
// 重构日志: 350d423d
// 重构日志: cfcf50d4
// 同步 ID: 73f031a7 @ Mon Jul 27 17:32:37 UTC 2026
// 重构日志: 9c03fef4
// 重构日志: b5da8e5b
// 重构日志: 28e772db
// 同步 ID: e16ebe5a @ Wed Jul 29 01:48:24 UTC 2026
// 重构日志: 2c505631
// 同步 ID: 3dfad59d @ Thu Jul 30 12:50:55 UTC 2026
// 同步 ID: a079b662 @ Fri Jul 31 00:29:02 UTC 2026
// 同步 ID: 9b5860ce @ Fri Jul 31 08:33:35 UTC 2026
// 重构日志: 4829c634
// 同步 ID: 65a7ea70 @ Fri Jul 31 18:03:13 UTC 2026
// 同步 ID: 231ecee6 @ Sat Aug  1 10:06:09 UTC 2026
// 重构日志: 20a1d91a
// 同步 ID: a5355908 @ Sun Aug  2 22:48:10 UTC 2026
